Git Python

Para este proyecto iniciamos crrando la carpeta 
Edx-Python

En ella se genero el primer commit con el archivo README.txt en local

La configuracion inicial partio de entrar a la carpeta

$ cd Edx-Python

E iniciar el proyecto de manera local

$ git init
$ git config --global user.name "Klvst3r"
$ git config --global user.email "klvst3r@gmail.com"

Se crearon los archivos y crearon el primer commit con los archivos de inicio y se genero el primer commit

$ subl README.txt
$ git add -A
$ git commit -m "Primer commit README.txt"

Se conecto al repositorio de GitHub

$ git remote add origin https://github.com/Klvst3r/Edx-Python.git

Y se empujaron los cambios desde local

$ git push -u origin master

Se agregaron los archivos de la Primera semana

De 0 hasta 1.4.5 Algorith and Programs


Se Agregan los archivos y se hace el commit de estos archivos

$ git add -A
$ commit -m "Week 1, From introduction to Algorithm and Programs"


Se hace una nueva actualización desde el repositorio remoto antes de subir los cambios a GitHub.

$ git fetch origin master

Y finalmente se empujan los nuevos cambios desde local.

$ git push -u origin master

si revisamos el repositorio local no estar incluido el nuevo cambio generado desde GitHub, por lo que hay que sdescargar los cambios a local.

Si revisamos las ramas tendremos:

$ git branch
* master

Solo master, si revisamos todas las ramas.

$ git branch -a
* master
  remotes/origin/master

Por lo que sera necesrio fusionar con origin/master

$ git merge origin/master

Con esto se fusionaran los cambios de Github al repositorio local, teniendo actualizado al momento nuestro proyecto y se genera 
actualizado este archivo de git Python.



Si se genera un error al hacer la actualizacion desde el remoto al momento de fusionar como en el siguiente caso:

klvst3r@klvst3r:~/dev/Edx-Python$ git push -u origin master
Username for 'https://github.com': Klvst3r
Password for 'https://Klvst3r@github.com': 
To https://github.com/Klvst3r/Edx-Python.git
 ! [rejected]        master -> master (non-fast-forward)
error: failed to push some refs to 'https://github.com/Klvst3r/Edx-Python.git'
consejo: Updates were rejected because the tip of your current branch is behind
consejo: its remote counterpart. Integrate the remote changes (e.g.
consejo: 'git pull ...') before pushing again.
consejo: See the 'Note about fast-forwards' in 'git push --help' for details.
klvst3r@klvst3r:~/dev/Edx-Python$ git add -a




Lo que debemos hacer es un: 

$ git add -A

Y ahora agregando los archivos podremos ahora si hacer la fusión.

$ git merge origin/master

Quedando finalmente actualizado el archivo con los ultimos cambios.


